c:\users\a\onedrive\documents\github\metalslug_project\final project\x64\debug\vc145.pdb
c:\users\a\onedrive\documents\github\metalslug_project\final project\x64\debug\vc145.idb
c:\users\a\onedrive\documents\github\metalslug_project\final project\x64\debug\weapon.obj
c:\users\a\onedrive\documents\github\metalslug_project\final project\x64\debug\vehicle.obj
c:\users\a\onedrive\documents\github\metalslug_project\final project\x64\debug\scoresystem.obj
c:\users\a\onedrive\documents\github\metalslug_project\final project\x64\debug\playersoldier.obj
c:\users\a\onedrive\documents\github\metalslug_project\final project\x64\debug\perlinnoise.obj
c:\users\a\onedrive\documents\github\metalslug_project\final project\x64\debug\menu.obj
c:\users\a\onedrive\documents\github\metalslug_project\final project\x64\debug\main.obj
c:\users\a\onedrive\documents\github\metalslug_project\final project\x64\debug\level.obj
c:\users\a\onedrive\documents\github\metalslug_project\final project\x64\debug\gamestate.obj
c:\users\a\onedrive\documents\github\metalslug_project\final project\x64\debug\gamemode.obj
c:\users\a\onedrive\documents\github\metalslug_project\final project\x64\debug\game.obj
c:\users\a\onedrive\documents\github\metalslug_project\final project\x64\debug\entity.obj
c:\users\a\onedrive\documents\github\metalslug_project\final project\x64\debug\enemy.obj
c:\users\a\onedrive\documents\github\metalslug_project\final project\x64\debug\echo.obj
c:\users\a\onedrive\documents\github\metalslug_project\final project\x64\debug\collectibilies.obj
c:\users\a\onedrive\documents\github\metalslug_project\final project\x64\debug\camera.obj
c:\users\a\onedrive\documents\github\metalslug_project\final project\x64\debug\bosslevel.obj
c:\users\a\onedrive\documents\github\metalslug_project\final project\x64\debug\block.obj
c:\users\a\onedrive\documents\github\metalslug_project\final project\x64\debug\biome.obj
c:\users\a\onedrive\documents\github\metalslug_project\final project\x64\debug\animation.obj
c:\users\a\onedrive\documents\github\metalslug_project\x64\debug\final project.pdb
c:\users\a\onedrive\documents\github\metalslug_project\final project\x64\debug\final project.tlog\cl.command.1.tlog
c:\users\a\onedrive\documents\github\metalslug_project\final project\x64\debug\final project.tlog\cl.read.1.tlog
c:\users\a\onedrive\documents\github\metalslug_project\final project\x64\debug\final project.tlog\cl.write.1.tlog
c:\users\a\onedrive\documents\github\metalslug_project\final project\x64\debug\final project.tlog\link-cvtres.read.1.tlog
c:\users\a\onedrive\documents\github\metalslug_project\final project\x64\debug\final project.tlog\link-cvtres.write.1.tlog
c:\users\a\onedrive\documents\github\metalslug_project\final project\x64\debug\final project.tlog\link-rc.read.1.tlog
c:\users\a\onedrive\documents\github\metalslug_project\final project\x64\debug\final project.tlog\link-rc.write.1.tlog
c:\users\a\onedrive\documents\github\metalslug_project\final project\x64\debug\final project.tlog\link.command.1.tlog
c:\users\a\onedrive\documents\github\metalslug_project\final project\x64\debug\final project.tlog\link.read.1.tlog
c:\users\a\onedrive\documents\github\metalslug_project\final project\x64\debug\final project.tlog\link.read.2.tlog
c:\users\a\onedrive\documents\github\metalslug_project\final project\x64\debug\final project.tlog\link.write.1.tlog
